C51 COMPILER V9.53.0.0   MCP                                                               10/24/2016 01:30:28 PAGE 1   


C51 COMPILER V9.53.0.0, COMPILATION OF MODULE MCP
OBJECT MODULE PLACED IN MCP.OBJ
COMPILER INVOKED BY: D:\Software\KeiluV5\C51\BIN\C51.EXE MCP.c OPTIMIZE(8,SPEED) BROWSE DEBUG OBJECTEXTEND TABS(2)

line level    source

   1          #include<reg52.h>
   2          #include<DisplayLibrary.h>
   3          #include<UpdateCoordinate.h>
   4          #include<InputLibrary.h>
   5          #include<Snake.h>
   6          
   7          unsigned char inputPin = 3;
   8          unsigned int n = 0;
   9          bit Over ;
  10          bit test ;
  11          
  12          unsigned char bytedata [10] = { 0x00,
  13                                          0x00,
  14                                          0x00,
  15                                          0x00,
  16                                          0x00,
  17                                          0x00,
  18                                          0x00,
  19                                          0x00,
  20                                          0x00,
  21                                          0x00};
  22          
  23          
  24          void timer0() interrupt 1
  25            {
  26   1        P0 = bytedata[n];
  27   1        clkpin = ~clkpin;
  28   1        n=n+1;
  29   1          if(n==10)
  30   1          {
  31   2                n=0;
  32   2                resetpin=1;
  33   2                delay(5);
  34   2                resetpin=0;
  35   2          }
  36   1      
  37   1        }
  38          
  39          void ext0() interrupt 2  //P3.3
  40            {
  41   1          UpdateInput();
  42   1          if ( UP == 1 )
  43   1            inputPin = 1;
  44   1          else if ( RIGHT == 1 )
  45   1            inputPin = 2;
  46   1          else if ( DOWN == 1 )
  47   1            inputPin = 3;
  48   1          else if ( LEFT == 1 )
  49   1            inputPin = 4;
  50   1        }
  51          
  52          void main()
  53            {
  54   1        /***** Initial Config for timer *******/
  55   1          IE = 0x86;    //Recheck register value
C51 COMPILER V9.53.0.0   MCP                                                               10/24/2016 01:30:28 PAGE 2   

  56   1          TMOD = 0x02;
  57   1          TH0 = 0x00;
  58   1          TR0 = 1;
  59   1          P3 = 0x0F;
  60   1        /* Game Initialisation */
  61   1      UpdateBit(0,0,1);
  62   1      UpdateBit(1,0,1);
  63   1      UpdateBit(2,0,1);
  64   1      UpdateBit(3,0,1);
  65   1        /////////////////////////////////////////////
  66   1          while(1)
  67   1            {
  68   2      
  69   2              UpdateFrame(coord,bytedata);
  70   2              
  71   2              /*The game function is below*/
  72   2      
  73   2              if(!Over)
  74   2              {
  75   3                Over = movement(inputPin);
  76   3                delay(5000);  
  77   3              }   
  78   2      
  79   2        
  80   2            }
  81   1          }
*** WARNING C291 IN LINE 136 OF MCP.c: not every exit path returns a value
*** WARNING C290 IN LINE 25 OF MCP.c: missing return value


MODULE INFORMATION:   STATIC OVERLAYABLE
   CODE SIZE        =   1080    ----
   CONSTANT SIZE    =   ----    ----
   XDATA SIZE       =   ----    ----
   PDATA SIZE       =   ----    ----
   DATA SIZE        =     31       6
   IDATA SIZE       =   ----    ----
   BIT SIZE         =      7       4
END OF MODULE INFORMATION.


C51 COMPILATION COMPLETE.  2 WARNING(S),  0 ERROR(S)
