C51 COMPILER V9.53.0.0   MCP                                                               10/19/2016 10:28:03 PAGE 1   


C51 COMPILER V9.53.0.0, COMPILATION OF MODULE MCP
OBJECT MODULE PLACED IN MCP.OBJ
COMPILER INVOKED BY: D:\Software\KeiluV5\C51\BIN\C51.EXE MCP.c OPTIMIZE(8,SPEED) BROWSE DEBUG OBJECTEXTEND TABS(2)

line level    source

   1          #include<reg52.h>
   2          #include<DisplayLibrary.h>
   3          #include<UpdateCoordinate.h>
   4          #include<InputLibrary.h>
   5          #include<Snake.h>
   6          
   7          unsigned char inputPin;
   8          unsigned int n = 0;
   9          unsigned char bytedata [10] = { 0x00,
  10                                          0x00,
  11                                          0x00,
  12                                          0x00,
  13                                          0x00,
  14                                          0x00,
  15                                          0x00,
  16                                          0x00,
  17                                          0x00,
  18                                          0x00};
  19          
  20          void timer0() interrupt 1
  21            {
  22   1        P0 = bytedata[n];
  23   1        clkpin = ~clkpin;
  24   1        n=n+1;
  25   1        if(n==10)
  26   1        {
  27   2              n=0;
  28   2              resetpin=1;
  29   2              delay(5);
  30   2              resetpin=0;
  31   2        }
  32   1      
  33   1        }
  34          
  35          void ext0() interrupt 2  //P3.2
  36            {
  37   1          UpdateInput();
  38   1          if ( UP == 1 )
  39   1            inputPin = 1;
  40   1          else if ( RIGHT == 1 )
  41   1            inputPin = 2;
  42   1          else if ( DOWN == 1 )
  43   1            inputPin = 3;
  44   1          else if ( LEFT == 1 )
  45   1            inputPin = 4;
  46   1        }
  47          
  48          void main()
  49            {
  50   1        /***** Initial Config for timer *******/
  51   1          IE = 0x86;
  52   1          TMOD = 0x02;
  53   1          TH0 = 0x00;
  54   1          TR0 = 1;
  55   1        //////////////////////////////////////////////
C51 COMPILER V9.53.0.0   MCP                                                               10/19/2016 10:28:03 PAGE 2   

  56   1          while(1)
  57   1            {
  58   2              c2b_all(coord,bytedata);
  59   2              /*The game function is below*/
  60   2              
  61   2      /*      UpdateBorder(1);
  62   2              UpdateColoumn(5,1);
  63   2              UpdateColoumn(1,1);
  64   2              UpdateRow(5,1);
  65   2              UpdateRow(1,1);
  66   2              UpdateBit(2,2,1);
  67   2              UpdateBit(2,3,1);
  68   2              UpdateBit(2,4,1);
  69   2              UpdateBit(2,5,1);  */
  70   2              
  71   2              movement(inputPin,bytedata);
  72   2              
  73   2            }
  74   1          }
*** WARNING C290 IN LINE 24 OF MCP.c: missing return value
*** WARNING C290 IN LINE 29 OF MCP.c: missing return value


MODULE INFORMATION:   STATIC OVERLAYABLE
   CODE SIZE        =    929    ----
   CONSTANT SIZE    =   ----    ----
   XDATA SIZE       =   ----    ----
   PDATA SIZE       =   ----    ----
   DATA SIZE        =     31      14
   IDATA SIZE       =   ----    ----
   BIT SIZE         =      6       4
END OF MODULE INFORMATION.


C51 COMPILATION COMPLETE.  2 WARNING(S),  0 ERROR(S)
